// Jest Snapshot v1, https://goo.gl/fbAQLP

exports[`Input should match snapshot 1`] = `
.c0 {
  width: 100%;
  padding: 0.625rem 1.25rem;
  border-radius: 0.5rem;
  color: var(--color-primary-100);
  background-color: var(--color-primary-700);
}

.c0::-webkit-input-placeholder {
  color: var(--color-primary-300);
}

.c0::-moz-placeholder {
  color: var(--color-primary-300);
}

.c0:-ms-input-placeholder {
  color: var(--color-primary-300);
}

.c0::placeholder {
  color: var(--color-primary-300);
}

.c0:focus {
  outline: none;
}

<input
  class="c0"
  data-testid="input"
/>
`;
